INFO 2026-06-12 00:31:13,464 middleware GET / -> 200
INFO 2026-06-12 00:31:13,761 middleware GET /connexion/ -> 500
INFO 2026-06-12 00:31:14,324 middleware GET /api/restaurants/ -> 200
INFO 2026-06-12 00:45:30,066 middleware GET / -> 200
INFO 2026-06-12 00:45:30,272 middleware GET /explorer/ -> 200
INFO 2026-06-12 00:45:30,480 middleware GET /connexion/ -> 200
INFO 2026-06-12 00:45:30,673 middleware GET /inscription/ -> 200
INFO 2026-06-12 00:45:31,290 middleware GET /offline/ -> 200
INFO 2026-06-12 00:45:31,483 middleware GET /legal/cgu/ -> 200
INFO 2026-06-12 00:45:31,688 middleware GET /legal/confidentialite/ -> 200
INFO 2026-06-12 00:45:31,896 middleware GET /legal/cgv/ -> 200
INFO 2026-06-12 00:45:32,065 middleware GET /api/restaurants/ -> 200
INFO 2026-06-12 00:45:32,220 middleware GET /api/categories/ -> 200
INFO 2026-06-12 00:45:32,454 middleware GET /api/restaurants/ -> 200
INFO 2026-06-12 00:45:33,704 middleware GET /restaurant/le-ndole-dor/ -> 200
INFO 2026-06-12 00:45:56,299 middleware GET / -> 200
INFO 2026-06-12 00:45:56,723 middleware GET /connexion/ -> 200
INFO 2026-06-12 00:45:57,732 middleware POST /connexion/ -> 302
INFO 2026-06-12 00:45:57,980 middleware GET /commandes/ -> 200
INFO 2026-06-12 00:45:59,650 middleware GET /connexion/ -> 200
INFO 2026-06-12 00:46:01,594 middleware POST /connexion/ -> 302
INFO 2026-06-12 00:46:01,902 middleware GET /resto/ -> 200
INFO 2026-06-12 00:46:02,472 middleware GET /connexion/ -> 200
INFO 2026-06-12 00:46:03,492 middleware POST /connexion/ -> 302
INFO 2026-06-12 00:46:03,714 middleware GET /resto/menu/ -> 200
INFO 2026-06-12 00:46:04,250 middleware GET /connexion/ -> 200
INFO 2026-06-12 00:46:06,511 middleware POST /connexion/ -> 302
INFO 2026-06-12 00:46:06,829 middleware GET /livreur/ -> 200
INFO 2026-06-12 00:46:07,441 middleware GET /connexion/ -> 200
INFO 2026-06-12 00:46:08,737 middleware POST /connexion/ -> 302
INFO 2026-06-12 00:46:08,999 middleware GET /influenceur/ -> 200
INFO 2026-06-12 00:46:09,747 middleware GET /connexion/ -> 200
INFO 2026-06-12 00:46:11,217 middleware POST /connexion/ -> 302
INFO 2026-06-12 00:46:11,569 middleware GET /tableau-admin/ -> 200
INFO 2026-06-12 00:46:38,781 middleware GET /r/UnpMN8rfqlVsygBq/ -> 200
INFO 2026-06-12 00:46:41,445 middleware GET /c/otF3kSY9rg0JUxDh/ -> 200
INFO 2026-06-12 00:46:41,849 middleware GET /panier/ -> 200
INFO 2026-06-12 00:47:16,207 middleware GET / -> 200
INFO 2026-06-12 00:47:19,430 middleware GET /offline/ -> 200
INFO 2026-06-12 00:47:19,447 middleware GET / -> 200
INFO 2026-06-12 00:47:21,437 middleware GET / -> 200
INFO 2026-06-12 00:47:23,447 middleware GET /panier/ -> 200
INFO 2026-06-12 00:47:24,365 middleware HEAD / -> 200
INFO 2026-06-12 00:47:24,426 middleware GET / -> 200
INFO 2026-06-12 00:47:24,993 middleware GET / -> 200
INFO 2026-06-12 00:47:25,211 middleware GET /offline/ -> 200
INFO 2026-06-12 00:47:25,233 middleware GET / -> 200
INFO 2026-06-12 00:47:26,105 middleware GET / -> 200
INFO 2026-06-12 00:47:27,611 middleware GET /explorer/ -> 200
INFO 2026-06-12 00:47:30,082 middleware GET /restaurant/le-ndole-dor/ -> 200
INFO 2026-06-12 00:47:35,336 middleware GET /explorer/ -> 200
INFO 2026-06-12 00:47:37,038 middleware GET / -> 200
INFO 2026-06-12 00:47:41,874 middleware GET /restaurant/mama-africa-kitchen/ -> 200
INFO 2026-06-12 00:47:50,581 middleware GET /r/k4JuEgyjS4XgARUq/ -> 200
INFO 2026-06-12 00:47:59,535 middleware POST /panier/ajouter/37/ -> 200
INFO 2026-06-12 00:48:01,603 middleware POST /panier/ajouter/39/ -> 200
INFO 2026-06-12 00:48:02,590 middleware GET /panier/ -> 200
INFO 2026-06-12 00:48:05,952 middleware GET /connexion/ -> 200
INFO 2026-06-12 00:48:15,165 middleware GET /inscription/ -> 200
INFO 2026-06-12 00:53:45,522 middleware GET /connexion/ -> 200
INFO 2026-06-12 00:53:46,482 middleware POST /connexion/ -> 302
INFO 2026-06-12 00:53:49,240 middleware POST /panier/ajouter/47/ -> 403
INFO 2026-06-12 00:53:51,329 middleware GET /panier/ -> 200
INFO 2026-06-12 00:53:51,714 middleware POST /commander/ -> 403
INFO 2026-06-12 00:54:24,540 middleware GET /connexion/ -> 200
INFO 2026-06-12 00:54:25,475 middleware POST /connexion/ -> 302
INFO 2026-06-12 00:54:28,756 middleware POST /panier/ajouter/47/ -> 200
INFO 2026-06-12 00:54:31,642 services VAPID non configure — push ignore pour Burger House Bali
INFO 2026-06-12 00:54:31,642 middleware POST /commander/ -> 302
